               Microtec ASM05  Ver 3.0a       Apr-10-97  12:31    Page    1
                                                   
 
 
 ERR  LINE ADDR B1 B2 B3 B4
 
         1                      ;****************************************************************************** 
         2                      ;* 
         3                      ;* NOMBRE       : MATRIZ 8x8 
         4                      ;* DESCRIPCION  : Conmutador de audio 
         5                      ;* LENGUAJE     : Ensamblador motorola C8 
         6                      ;* FECHA INICIO : 20/3/97 
         7                      ;* FECHA FINAL  : 
         8                      ;* 
         9                      ;* OBSERVACIONES: Proyecto para UNION FENOSA 
        10                      ;* 
        11                      ;* 
        12                      ;* Por la actuación de cualquier pulsador "entradas", el sistema queda hábil 
        13                      ;* durante 10 segundos esperando siguientes pulsaciones del grupo de "salidas" 
        14                      ;* (led parpadeando). Ese estado y durante ese tiempo queda fijo para aceptar 
        15                      ;* todas las pulsaciones de "salidas" que se desee. Dicho estado termina cuando 
        16                      ;* se detecta una nueva pulsación en el grupo de "entradas" (leds quedan fijos) 
        17                      ;* también pasados 10 segundos. 
        18                      ;* 
        19                      ;****************************************************************************** 
        20                      ; 
        21                      ; DEFINICION DE LOS PORTS 
        22 0000                 PORTA   EQU 00H 
        23 0001                 PORTB   EQU 01H 
        24 0002                 PORTC   EQU 02H 
        25 0003                 PORTD   EQU 03H 
        26 0004                 PCA     EQU 04H 
        27 0005                 PCB     EQU 05H 
        28 0006                 PCC     EQU 06H 
        29 0007                 PCD     EQU 07H 
        30 000A                 MR      EQU 0AH                 ;MISCELLANEOUS REGISTER 
        31 0000                  
        32 0000                  
        33 0000                  
        34                      ;============================= SEGMENTO DE RAM ============================ 
        35 0011                 SCDAT   equ 11h       ; Serial Comunications Data Register 
        36 000E                 SCCR1   equ 0eh       ; Serial Comunication Register 1 
        37 000F                 SCCR2   equ 0fh       ; Serial Comunication Register 2 
        38 0010                 SCSR    equ 10h       ; Serial comunication Status Register 
        39 0012                 TCR     equ 12h       ; Timer Control Register 
        40 0013                 TSR     equ 13h       ; Timer Status Register 
        41 000A                 SPCR    equ 0ah       ; spcr (serial peripheral control register) 
        42 000B                 SPSR    equ 0bh       ; Serial Peripheral Status Register 
        43 000C                 SPDR    equ 0ch       ; Serial Peripheral Data I/O Register 
        44 0018                 TCRH    equ 0018h     ;timer count register (high) 
        45 0019                 TCRL    equ 0019h     ;timer count register (low) 
        46 000D                 BAUD    equ 0000dh    ; Baud Rate Register 
        47 0100                 ENTRY	equ 100h 
        48 0000                  
        49 0000                 P_ENTRADAS	equ 0 
        50 0001                 P_SALIDAS	equ 1 
        51 0002                 STB_REGISTRO	equ 2 
               Microtec ASM05  Ver 3.0a       Apr-10-97  12:31    Page    2
                                                   
 
 
 ERR  LINE ADDR B1 B2 B3 B4
 
        52 0001                 STB_MATRIZ	equ 1 
        53 0003                 WATCH_DOG	equ 3 
        54 0000                  
        55 0034                 B600  equ 34h		;CALCULADO PARA CRISTAL DE 4.0 Mhz 
        56 0033                 B1200 equ 33h 
        57 0032                 B2400 equ 32h 
        58 0031                 B4800 equ 31h 
        59 0030                 B9600 equ 30h 
        60 0000                  
        61                                              ORG 50H 
        62 0050                  
        63 0050                 BuffSerie	res 3 
        64 0053                 PuntSer		res 1 
        65 0054                 BuffEntradas	res 8 
        66 005C                 PalEntradas	res 1 
        67 005D                 PalSalidas	res 1 
        68 005E                 CntTimer	res 1 
        69 005F                 segundos	res 1 
        70 0060                 FlashEntradas	res 1 
        71 0061                 FlashSalidas	res 1 
        72 0062                 sava		res 1 
        73 0063                 sava2		res 1 
        74 0064                 savx		res 1 
        75 0065                 savx2		res 1 
        76 0066                 TempCnx		res 1 
        77 0067                 temp		res 1 
        78 0068                 flag		res 1 
        79 0069                 EntActual	res 1 
        80 006A                  
        81                      ;============================================================================== 
        82 006A                  
        83 006A                  
        84                                                 ORG ENTRY    ;COMIENZA EL PROGRAMA 
        85 0100                  
        86 0100                  
        87                      ;------------------------- PROGRAMACION DE LOS PORTS -------------------------- 
        88 0100                  
        89 0100                  
        90 0100 9B                      SEI 
        91 0101                  
        92 0101 4F                      clra 
        93 0102 B7 04                   sta PCA 
        94 0104                  
        95 0104 A6 0F                   lda #$0f 
        96 0106 B7 05                   sta PCB 
        97 0108                  
        98 0108 A6 FF                   lda #$ff 
        99 010A B7 06                   sta PCC 
       100 010C                  
       101                      ;------------------------------------------------------------------------------ 
       102 010C                  
               Microtec ASM05  Ver 3.0a       Apr-10-97  12:31    Page    3
                                                   
 
 
 ERR  LINE ADDR B1 B2 B3 B4
 
       103                      ; - - - - - - - - - - - Borra la memoria con 00 - - - - - - - - - - - - - - - 
       104 010C A6 00                   lda #$0 
       105 010E AE 50                   ldx #$50 
       106 0110                 clrmem: 
       107 0110 F7                      sta $0,x 
       108 0111 5C                      incx 
       109 0112 A3 FF                   cpx #$ff 
       110 0114 26 FA                   bne clrmem      ;Llena la memoria de 00 
       111 0116                  
       112                      ;- - - - - - - - - - - - - - - - - - - - - - - - - - - - - - - - - - - - - 
       113 0116                  
       114 0116 3F 01           	clr PORTB 
       115 0118 CD 03 15                jsr IniSpi      ;INICIALIZA EL MODO SPI 
       116 011B CD 02 F6                jsr SciOn       ;Activa modo sci 
       117 011E                  
       118 011E A6 02                   lda #$2 
       119 0120 B7 5E                   sta CntTimer 
       120 0122 1A 12                   bset 5,TCR 
       121 0124 CD 03 0C                jsr pretim      ;Pone en marcha el timer 
       122 0127 9A                      cli 
       123 0128                  
       124 0128                 inicio: 
       125 0128 12 02           	bset STB_MATRIZ,PORTC 
       126 012A                  
       127 012A A6 FF           	lda #$ff 
       128 012C B7 5C           	sta PalEntradas 
       129 012E B7 5D           	sta PalSalidas 
       130 0130 CD 02 55        	jsr EnciendeEntradas 
       131 0133                  
       132 0133 3F 5F           	clr segundos 
       133 0135                 TimRes: 
       134 0135 B6 5F           	lda segundos 
       135 0137 A1 05           	cmp #$5 
       136 0139 26 FA           	bne TimRes 
       137 013B                 	 
       138 013B                  
       139 013B 3F 5D           	clr PalSalidas 
       140 013D 3F 60           	clr FlashEntradas 
       141 013F 3F 5C           	clr PalEntradas 
       142 0141 CD 02 43        	jsr EnciendeSalidas 
       143 0144 CD 02 64        	jsr ProgramaMatriz 
       144 0147                  
       145 0147                 main: 
       146 0147 0A 10 08                brset 5,SCSR,HayDatoSerie  ;ESPERA QUE ENTREN UN CARACTER 
       147 014A CD 02 AC        	jsr PulsanEntradas 
       148 014D 4D              	tsta 
       149 014E 26 4C           	bne HayEntradas		;Han pulsado algún pulsador. 
       150 0150 20 F5           	bra main 
       151 0152                  
       152 0152                  
       153 0152                 HayDatoSerie: 
               Microtec ASM05  Ver 3.0a       Apr-10-97  12:31    Page    4
                                                   
 
 
 ERR  LINE ADDR B1 B2 B3 B4
 
       154 0152                  
       155 0152 CD 02 E3        	jsr SciIn 
       156 0155 A1 EC           	cmp #$ec 
       157 0157 26 EE           	bne main 
       158 0159 CD 02 E3        	jsr SciIn 
       159 015C A1 A1           	cmp #$a1 
       160 015E 26 E7           	bne main 
       161 0160 CD 02 E3        	jsr SciIn	;Espera primer byte 
       162 0163 B7 50           	sta BuffSerie 
       163 0165 0F 50 20        	brclr 7,BuffSerie,lectura 
       164 0168                 	 
       165 0168 CD 02 E3        	jsr SciIn	;Espera el segundo byte 
       166 016B B7 51           	sta BuffSerie+1 
       167 016D                  
       168 016D B6 50           	lda BuffSerie 
       169 016F A4 7F           	and #$7f 
       170 0171 27 D4           	beq main 
       171 0173 A1 09           	cmp #$9 
       172 0175 2A D0           	bpl main 
       173 0177 4A              	deca 
       174 0178                 	 
       175 0178 97              	tax 
       176 0179 B6 51           	lda BuffSerie+1 
       177 017B E7 54           	sta BuffEntradas,x 
       178 017D CD 02 64        	jsr ProgramaMatriz 
       179 0180 CD 02 2F        	jsr PrepEntradas 
       180 0183 CD 02 43        	jsr EnciendeSalidas 
       181 0186 20 BF           	bra main 
       182 0188                  
       183 0188                 Lectura: 
       184 0188 A6 EC           	lda #$ec 
       185 018A CD 02 DA        	jsr SciOut 
       186 018D A6 A1           	lda #$a1 
       187 018F CD 02 DA        	jsr SciOut 
       188 0192 BE 50           	ldx BuffSerie 
       189 0194 5A              	decx 
       190 0195 E6 54           	lda BuffEntradas,x 
       191 0197 CD 02 DA        	jsr SciOut 
       192 019A 20 AB           	bra main 
       193 019C                  
       194 019C                  
       195 019C                 HayEntradas: 
       196 019C B7 69           	sta EntActual 
       197 019E 3A 69           	dec EntActual 
       198 01A0 97              	tax 
       199 01A1 5A              	decx 
       200 01A2 D6 03 1E        	lda tabla,x 
       201 01A5 B7 60           	sta FlashEntradas 
       202 01A7 BA 5C           	ora PalEntradas 
       203 01A9 B7 5C           	sta PalEntradas 
       204 01AB                  
               Microtec ASM05  Ver 3.0a       Apr-10-97  12:31    Page    5
                                                   
 
 
 ERR  LINE ADDR B1 B2 B3 B4
 
       205 01AB CD 02 20        	jsr PrepSalidas	 
       206 01AE BE 69           	ldx EntActual 
       207 01B0 E8 54           	eor BuffEntradas,x 
       208 01B2 B7 5D           	sta PalSalidas 
       209 01B4                  
       210 01B4 6F 54           	clr BuffEntradas,x	;Las salidas asociadas a esa entrada se borran 
       211 01B6 CD 02 55        	jsr EnciendeEntradas 
       212 01B9 CD 02 64        	jsr ProgramaMatriz 
       213 01BC CD 02 15        	jsr bucle 
       214 01BF                  
       215 01BF                 pTiempo: 
       216 01BF 3F 5F           	clr segundos 
       217 01C1                 pSalidas: 
       218 01C1                  
       219 01C1 B6 5F           	lda segundos 
       220 01C3 A1 28           	cmp #40 
       221 01C5 27 29           	beq FinTiempo		;Han pasado 40 segundos 
       222 01C7                 	 
       223 01C7 CD 02 AC        	jsr PulsanEntradas 
       224 01CA 4D              	tsta 
       225 01CB 26 23           	bne FinTiempo 
       226 01CD                  
       227 01CD CD 02 C3        	jsr PulsanSalidas 
       228 01D0 4D              	tsta 
       229 01D1 27 EE           	beq pSalidas 
       230 01D3                  
       231 01D3 97              	tax 
       232 01D4 5A              	decx 
       233 01D5 D6 03 1E        	lda tabla,x 
       234 01D8                  
       235 01D8 BA 61           	ora FlashSalidas 
       236 01DA B7 61           	sta FlashSalidas 
       237 01DC                  
       238 01DC BE 69           	ldx EntActual 
       239 01DE EA 54           	ora BuffEntradas,x 
       240 01E0 E7 54           	sta BuffEntradas,x 
       241 01E2 CD 02 43        	jsr EnciendeSalidas 
       242 01E5 CD 02 64        	jsr ProgramaMatriz 
       243 01E8                  
       244 01E8 B6 60           	lda FlashEntradas 
       245 01EA BA 5C           	ora PalEntradas 
       246 01EC B7 5C           	sta PalEntradas 
       247 01EE 20 CF           	bra pTiempo 
       248 01F0                  
       249 01F0                 FinTiempo: 
       250 01F0 B6 60           	lda FlashEntradas 
       251 01F2 BA 5C           	ora PalEntradas 
       252 01F4 B7 5C           	sta PalEntradas 
       253 01F6 B6 61           	lda FlashSalidas 
       254 01F8 26 08           	bne CntTmp 
       255 01FA B6 60           	lda FlashEntradas 
               Microtec ASM05  Ver 3.0a       Apr-10-97  12:31    Page    6
                                                   
 
 
 ERR  LINE ADDR B1 B2 B3 B4
 
       256 01FC B8 5C           	eor PalEntradas 
       257 01FE B7 5C           	sta PalEntradas 
       258 0200 20 06           	bra CntTmp1 
       259 0202                 	 
       260 0202 B6 60           CntTmp	lda FlashEntradas 
       261 0204 BA 5C           	ora PalEntradas 
       262 0206 B7 5C           	sta PalEntradas 
       263 0208 3F 60           CntTmp1	clr FlashEntradas 
       264 020A 3F 61           	clr FlashSalidas 
       265 020C CD 02 43        	jsr EnciendeSalidas 
       266 020F CD 02 64        	jsr ProgramaMatriz 
       267 0212 CC 01 47        	jmp main 
       268                      ;---------------------------- SUBRUTINAS -------------------------------------- 
       269 0215                  
       270 0215                 bucle: 
       271 0215 AE FF           	ldx #$ff 
       272 0217 A6 FF           buc	lda #$ff 
       273 0219 4A              buc2	deca 
       274 021A 26 FD           	bne buc2 
       275 021C 5A              	decx 
       276 021D 26 F8           	bne buc 
       277 021F 81              	rts 
       278 0220                  
       279 0220                 PrepSalidas: 
       280 0220 5F              	clrx 
       281 0221 3F 5D           	clr PalSalidas 
       282 0223                 Enciende: 
       283 0223 E6 54           	lda BuffEntradas,x 
       284 0225 BA 5D           	ora PalSalidas 
       285 0227 B7 5D           	sta PalSalidas 
       286 0229 5C              	incx 
       287 022A A3 08           	cpx #$8 
       288 022C 26 F5           	bne Enciende 
       289 022E 81              	rts 
       290 022F                  
       291 022F                  
       292 022F                 PrepEntradas: 
       293 022F 5F              	clrx 
       294 0230 3F 5C           	clr PalEntradas 
       295 0232                 PrpEnt: 
       296 0232 E6 54           	lda BuffEntradas,x 
       297 0234 27 07           	beq NoPrp 
       298 0236 D6 03 1E        	lda tabla,x 
       299 0239 BA 5C           	ora PalEntradas 
       300 023B B7 5C           	sta PalEntradas 
       301 023D                 NoPrp: 
       302 023D 5C              	incx 
       303 023E A3 08           	cpx #$8 
       304 0240 26 F0           	bne PrpEnt 
       305 0242 81              	rts 
       306 0243                  
               Microtec ASM05  Ver 3.0a       Apr-10-97  12:31    Page    7
                                                   
 
 
 ERR  LINE ADDR B1 B2 B3 B4
 
       307 0243                  
       308 0243                 EnciendeSalidas: 
       309 0243                  
       310 0243 CD 02 20        	jsr PrepSalidas 
       311 0246                  
       312 0246 B6 5D           	lda PalSalidas 
       313 0248 CD 02 E9        	jsr SpiOut 
       314 024B B6 5C           	lda PalEntradas 
       315 024D CD 02 E9        	jsr SpiOut 
       316 0250 14 01           	bset STB_REGISTRO,PORTB 
       317 0252 15 01           	bclr STB_REGISTRO,PORTB 
       318 0254 81              	rts 
       319 0255                  
       320 0255                 EnciendeEntradas: 
       321 0255                  
       322 0255 B6 5D           	lda PalSalidas 
       323 0257 CD 02 E9        	jsr SpiOut 
       324 025A B6 5C           	lda PalEntradas 
       325 025C CD 02 E9        	jsr SpiOut 
       326 025F 14 01           	bset STB_REGISTRO,PORTB 
       327 0261 15 01           	bclr STB_REGISTRO,PORTB 
       328 0263 81              	rts 
       329 0264                  
       330 0264                 ProgramaMatriz: 
       331 0264                  
       332 0264 5F              	clrx 
       333 0265 4F              	clra 
       334 0266                 mat1: 
       335 0266 E6 54           	lda BuffEntradas,x 
       336 0268 B7 62           	sta sava 
       337 026A BF 64           	stx savx 
       338 026C 5F              	clrx 
       339 026D 98              	clc 
       340 026E                 mat2: 
       341 026E 46              	rora 
       342 026F CD 02 81        	jsr conex 
       343 0272 5C              	incx 
       344 0273 A3 08           	cpx #$8 
       345 0275 26 F7           	bne mat2 
       346 0277 BE 64           	ldx savx 
       347 0279 B6 62           	lda sava 
       348 027B 5C              	incx 
       349 027C A3 08           	cpx #$8 
       350 027E 26 E6           	bne mat1 
       351 0280 81              	rts 
       352 0281                  
       353 0281                 conex: 
       354 0281 BF 65           	stx savx2 
       355 0283 B7 63           	sta sava2 
       356 0285                  
       357 0285 4F              	clra 
               Microtec ASM05  Ver 3.0a       Apr-10-97  12:31    Page    8
                                                   
 
 
 ERR  LINE ADDR B1 B2 B3 B4
 
       358 0286 24 02           	bcc NoConx 
       359 0288 AA 01           conecta	ora #$01 
       360 028A                 NoConx: 
       361 028A B7 67           	sta temp 
       362 028C BE 64           	ldx savx 
       363 028E BF 66           	stx TempCnx 
       364 0290 38 66           	lsl TempCnx 
       365 0292 38 66           	lsl TempCnx 
       366 0294 B6 65           	lda savx2 
       367 0296 48              	lsla 
       368 0297 48              	lsla 
       369 0298 48              	lsla 
       370 0299 48              	lsla 
       371 029A 48              	lsla 
       372 029B BA 66           	ora TempCnx 
       373 029D B7 66           	sta TempCnx 
       374 029F BA 67           	ora temp 
       375 02A1 B7 02           	sta PORTC 
       376 02A3 13 02           	bclr STB_MATRIZ,PORTC 
       377 02A5 12 02           	bset STB_MATRIZ,PORTC 
       378 02A7 B6 63           	lda sava2 
       379 02A9 BE 65           	ldx savx2 
       380 02AB 81              	rts 
       381 02AC                 PulsanEntradas: 
       382 02AC                  
       383 02AC 10 01           	bset P_ENTRADAS,PORTB 
       384 02AE B6 00           	lda PORTA 
       385 02B0 5F              	clrx 
       386 02B1 98              	clc 
       387 02B2                 shf: 
       388 02B2 46              	rora 
       389 02B3 25 09           	bcs Bita1 
       390 02B5 5C              	incx 
       391 02B6 A3 08           	cpx #$8 
       392 02B8 26 F8           	bne shf 
       393 02BA 4F              	clra 
       394 02BB 11 01           	bclr P_ENTRADAS,PORTB 
       395 02BD 81              	rts 
       396 02BE                 Bita1: 
       397 02BE 11 01           	bclr P_ENTRADAS,PORTB 
       398 02C0 5C              	incx 
       399 02C1 9F              	txa 
       400 02C2 81              	rts 
       401 02C3                 	 
       402 02C3                 PulsanSalidas: 
       403 02C3                 	 
       404 02C3 12 01           	bset P_SALIDAS,PORTB 
       405 02C5 B6 00           	lda PORTA 
       406 02C7 5F              	clrx 
       407 02C8 98              	clc 
       408 02C9                 shf1: 
               Microtec ASM05  Ver 3.0a       Apr-10-97  12:31    Page    9
                                                   
 
 
 ERR  LINE ADDR B1 B2 B3 B4
 
       409 02C9 46              	rora 
       410 02CA 25 09           	bcs Bita1s 
       411 02CC 5C              	incx 
       412 02CD A3 08           	cpx #$8 
       413 02CF 26 F8           	bne shf1 
       414 02D1 4F              	clra 
       415 02D2 13 01           	bclr P_SALIDAS,PORTB 
       416 02D4 81              	rts 
       417 02D5                 Bita1s: 
       418 02D5 13 01           	bclr P_SALIDAS,PORTB 
       419 02D7 5C              	incx 
       420 02D8 9F              	txa 
       421 02D9 81              	rts 
       422 02DA                  
       423                      ;-------------- TRANSMITE AL PC EL CONTENIDO DEL REGISTRO A ------------------ 
       424 02DA                  
       425 02DA                 SCIOUT: 
       426 02DA 0F 10 FD                BRCLR 7,SCSR,SCIOUT        ;MIRA SI ESTA OCUPADO 
       427 02DD B7 11                   STA SCDAT 
       428 02DF                 ESPERA: 
       429 02DF 0D 10 FD                BRCLR 6,SCSR,ESPERA     ;ESPERA PARA ACABAR DE TRANSMITIR 
       430 02E2 81                      RTS 
       431 02E3                  
       432                      ;----------------------------------------------------------------------------- 
       433 02E3                  
       434 02E3                 SCIIN: 
       435 02E3 0B 10 FD                BRCLR 5,SCSR,SCIIN           ;ESPERA QUE ENTREN UN CARACTER 
       436 02E6 B6 11                   LDA SCDAT                    ;EN A ESTA EL CARACTER ENTRADO 
       437 02E8 81                      RTS 
       438 02E9                  
       439                      ; - - - - - - - TRANSMITE AL SPI EL CONTENIDO DE A - - - - - - - - - - - - - - 
       440 02E9                 SPIOUT: 
       441 02E9 B7 0C                   STA SPDR 
       442 02EB                  
       443 02EB 0F 0B FD        EEW4    BRCLR 7,SPSR,EEW4       ;ESPERA QUE TRANSMITA EL BYTE 
       444 02EE 81                      RTS 
       445                      ;- - - - - - - - - - - - - - - - - - - - - - - - - - - - - - - - - - - - - - - -
       446 02EF                  
       447                      ;  - - - - - - LEE UN BITE DEL SPI Y LO PONE EN A - - - - - - - - - - - - - - 
       448 02EF                 spiIN: 
       449 02EF                  
       450 02EF 4F                      CLRA                    TRANSMITE 00 PARA QUE GENERE EL CLOCK 
       451 02F0 CD 02 E9                JSR SPIOUT              ;Y ASI PERMITIR AL DEVICE QUE TRANSMITA EL BYTE.
       452 02F3 B6 0C                   LDA SPDR                ;LEE EL BYTE RECIBIDO. 
       453 02F5 81                      RTS 
       454                      ;- - - - - - - - - - - - - - - - - - - - - - - - - - - - - - - - - - - - - - - -
       455 02F6                  
       456                      ;----------------- CONFIGURACION INTERFACE DE COMUNICACIONES ------------------ 
       457 02F6                 SCION: 
       458 02F6 A6 00                   LDA #$00 
       459 02F8 B7 0E                   STA SCCR1 
               Microtec ASM05  Ver 3.0a       Apr-10-97  12:31    Page   10
                                                   
 
 
 ERR  LINE ADDR B1 B2 B3 B4
 
       460 02FA                  
       461 02FA A6 0C                   LDA #$0C        ;- TDRE interrupt disabled 
       462                                              ;- TC interrupt disabled 
       463                                              ;- SCI interrupt disabled 
       464                                              ;- IDLE interrupt disbaled 
       465                                              ;- After the last byte is transmitted, the TDO line 
       466                                              ;  becomes a hight-impedance line. 
       467                                              ;- Receiver disabled and RDRF, IDLE, OR, NF and FE 
       468                                              ;  status bits are inhibited. 
       469 02FC B7 0F                   STA SCCR2 
       470 02FE                  
       471                      ;        lda PORTB 
       472                      ;	and #$c0 
       473                      ;	lsra 
       474                      ;	lsra 
       475                      ;	lsra 
       476                      ;	lsra 
       477                      ;	lsra 
       478                      ;	lsra 
       479                      ;	tax 
       480                      ;	lda TablaBaud,x	 
       481 02FE A6 30           	lda #$30 
       482 0300 B7 0D                   STA BAUD 
       483 0302 81                      RTS 
       484                      ;------------------------------------------------------------------------------ 
       485 0303                  
       486                      ;******************* DESACTIVA EL MODO SCI ******************************* 
       487 0303                 SCIOFF: 
       488 0303 A6 00                   LDA #$00 
       489 0305 B7 0E                   STA SCCR1       ;one start bit, eight data bits, one stop bit 
       490 0307                  
       491 0307 A6 00                   LDA #$00        ;- TDRE interrupt disabled 
       492                                              ;- TC interrupt disabled 
       493                                              ;- SCI interrupt enabled 
       494                                              ;- IDLE interrupt disbaled 
       495                                              ;- Transmiter enabled 
       496                                              ;- Receiver enabled 
       497                                              ;  status bits are inhibited. 
       498 0309 B7 0F                   STA SCCR2 
       499 030B 81                      RTS 
       500 030C                  
       501                      ;----------------------------------------------------------------------------- 
       502 030C                  
       503 030C                 pretim: 
       504 030C                  
       505 030C A6 FF                   lda #$ff 
       506 030E B7 18                   sta tcrH 
       507 0310 A6 FF                   lda #$ff 
       508 0312 B7 19                   sta tcrL 
       509 0314 81                      rts 
       510 0315                  
               Microtec ASM05  Ver 3.0a       Apr-10-97  12:31    Page   11
                                                   
 
 
 ERR  LINE ADDR B1 B2 B3 B4
 
       511                      ;----------------------------------- INICIALIZACION SPI ------------------------
       512 0315                  
       513                      ;***************************** IMPORTANTE ************************************* 
       514                      ;                                                      __ 
       515                      ;PARA QUE EL MICRO ACEPTE SER MASTER SE HA DE PONER EL SS A POSITIVO (PATA 37), 
       516                      ; SI NO ES ASI EL MICRO RECHAZA EL BIT 4 DEL SPCR (MASTER), 
       517                      ; 
       518                      ;****************************************************************************** 
       519 0315                  
       520 0315                 INISPI: 
       521 0315 A6 53                   LDA #$53        ;Serial Peripheral Interrupt Disable 
       522 0317 B7 0A                   STA SPCR        ;Serial Peripheral System Enable 
       523                                              ;Master mode 
       524                                              ;SCK line idles in low state 
       525                                              ;     __ 
       526                                              ;When SS is low, first edge of SCK invokes first data 
       527                                              ;sample. 
       528                                              ;Internal Processor Clock Divided by 32 
       529 0319                  
       530 0319 81                      RTS 
       531                      ;-------------------------------------------------------------------------------
       532 031A                  
       533 031A                 TablaBaud: 
       534 031A 33              	fcb B1200 
       535 031B 32              	fcb B2400 
       536 031C 31              	fcb B4800 
       537 031D 30              	fcb B9600 
       538 031E                 tabla: 
       539 031E 01 02 04 08     	fcb 1,2,4,8,10h,20h,40h,80h 
       539 0322 10 20 40 80     
       540 0326                  
       541                      ;============================ INTERRUPCIONES  ============================= 
       542 0326                 timer: 
       543 0326 16 01           	bset WATCH_DOG,PORTB 
       544 0328 17 01           	bclr WATCH_DOG,PORTB 
       545 032A                 	 
       546 032A 3A 5E           	dec CntTimer 
       547 032C 26 15           	bne FinTimer 
       548 032E 3C 5F           	inc segundos 
       549 0330 A6 02           	lda #$2 
       550 0332 B7 5E           	sta CntTimer 
       551 0334                 	 
       552 0334 B6 5D           	lda PalSalidas 
       553 0336 B8 61           	eor FlashSalidas 
       554 0338 B7 5D           	sta PalSalidas 
       555 033A                  
       556 033A B6 5C           	lda PalEntradas 
       557 033C B8 60           	eor FlashEntradas 
       558 033E B7 5C           	sta PalEntradas 
       559 0340 CD 02 55        	jsr EnciendeEntradas 
       560 0343                 	 
               Microtec ASM05  Ver 3.0a       Apr-10-97  12:31    Page   12
                                                   
 
 
 ERR  LINE ADDR B1 B2 B3 B4
 
       561 0343                 FinTimer: 
       562 0343 1B 13                   bclr 5,TSR 
       563 0345 CD 03 0C                jsr pretim 
       564 0348 80                      rti 
       565 0349                  
       566 0349                  
       567 0349                  
       568 0349                 IRQ: 
       569 0349                 SPI: 
       570 0349                 SCI: 
       571 0349                 SWI: 
       572 0349                  
       573 0349 80                      RTI 
       574                      ;============================================================================== 
       575 034A                  
       576 034A                  
       577                      ;------------------- INICIALIZACION DE LOS VECTORES ---------------------- 
       578                                                     ORG 1FF4H 
       579 1FF4                  
       580 1FF4 03 49                   FDB SPI 
       581 1FF6 03 49                   FDB SCI 
       582 1FF8 03 26                   FDB TIMER 
       583 1FFA 03 49                   FDB IRQ 
       584 1FFC 03 49                   FDB SWI 
       585 1FFE 01 00                   FDB ENTRY 
       586 2000                  
       587                      ;------------------------------------------------------------------------------ 
       588 2000                  
       589 2000                  
       590 2000                  
       591 2000                  
       592 2000                  
       593 2000                  
       594 2000                  
       595                      ;-------------------- CONFIGURACION REGISTROS -------------------------------- 
       596                      			       ORG 1FF0H 
       597 1FF0 00 00           	FDB 0000 
       598 1FF2                  
       599                                                      ORG 1FDFH       'OPTION REGISTER 
       600 1FDF                  
       601 1FDF C8                      FCB 0C8H               ;RAM0 = 1 
       602                                                     ;RAM1 = 1 
       603                      ;----------------------------------------------------------------------------- 
       604 1FE0                  
       605 1FE0                         END 
 
 
   ASSEMBLER ERRORS       0
   ASSEMBLER WARNINGS     0
 
